2026-08-28 13:14:30,431 [INFO] Chưa có data → fetch 90 ngày: 2026-05-30 → 2026-08-27
2026-08-28 13:14:32,644 [INFO] Failed to extract font properties from /usr/share/fonts/truetype/noto/NotoColorEmoji.ttf: Non-scalable fonts are not supported
2026-08-28 13:14:33,799 [INFO] generated new fontManager
2026-08-28 13:14:36,776 [INFO] Device registered: a1691119d2049e96ca73e5b8469e5a77 (version 0.0.1)
2026-08-28 13:14:44,283 [INFO] VCB: ✓ 64 dòng
2026-08-28 13:14:49,274 [INFO] VIC: ✓ 64 dòng
2026-08-28 13:14:52,888 [INFO] VHM: ✓ 64 dòng
2026-08-28 13:14:56,352 [INFO] HPG: ✓ 64 dòng
2026-08-28 13:14:59,618 [INFO] TCB: ✓ 64 dòng
2026-08-28 13:15:02,677 [INFO] MBB: ✓ 64 dòng
2026-08-28 13:15:05,909 [INFO] VNM: ✓ 64 dòng
2026-08-28 13:15:08,923 [INFO] FPT: ✓ 64 dòng
2026-08-28 13:15:12,389 [INFO] MSN: ✓ 64 dòng
2026-08-28 13:15:15,486 [INFO] BID: ✓ 64 dòng
2026-08-28 13:15:15,487 [INFO] === Xong: 10/10 tickers | 640 dòng mới ===
2026-08-31 11:05:22,109 [INFO] Fetch từ 2026-08-28 → 2026-08-30
2026-08-31 11:05:22,786 [INFO] Failed to extract font properties from /usr/share/fonts/truetype/noto/NotoColorEmoji.ttf: Non-scalable fonts are not supported
2026-08-31 11:05:23,216 [INFO] generated new fontManager
2026-08-31 11:05:25,677 [INFO] Device registered: a1691119d2049e96ca73e5b8469e5a77 (version 0.0.1)
2026-08-31 11:05:32,439 [INFO] VCB: ✓ 1 dòng
2026-08-31 11:05:35,571 [INFO] VIC: ✓ 1 dòng
2026-08-31 11:05:39,001 [INFO] VHM: ✓ 1 dòng
2026-08-31 11:05:42,348 [INFO] HPG: ✓ 1 dòng
2026-08-31 11:05:45,812 [INFO] TCB: ✓ 1 dòng
2026-08-31 11:05:48,942 [INFO] MBB: ✓ 1 dòng
2026-08-31 11:05:52,262 [INFO] VNM: ✓ 1 dòng
2026-08-31 11:05:56,978 [INFO] FPT: ✓ 1 dòng
2026-08-31 11:06:00,573 [INFO] MSN: ✓ 1 dòng
2026-08-31 11:06:04,202 [INFO] BID: ✓ 1 dòng
2026-08-31 11:06:04,202 [INFO] === Xong: 10/10 tickers | 10 dòng mới ===
